// Jest Snapshot v1, https://goo.gl/fbAQLP

exports[`should render component Spinner 1`] = `
<div
  className="loader"
>
  <div
    className="loader--image"
  >
    Loading...
  </div>
</div>
`;
